// Jest Snapshot v1, https://goo.gl/fbAQLP

exports[`ParametersTable component is expected render html correctly 1`] = `
<withStore(Table)
  className="parametersTable"
  columns={
    Array [
      Object {
        "dataIndex": "name",
        "ellipsis": true,
        "key": "name",
        "sorter": [Function],
        "title": "Parâmetro",
      },
      Object {
        "dataIndex": "type",
        "key": "type",
        "title": "Tipo",
      },
      Object {
        "dataIndex": "default",
        "key": "default",
        "title": "Valor padrão",
      },
      Object {
        "dataIndex": "required",
        "key": "requireda",
        "render": [Function],
        "title": "Obrigatório",
      },
      Object {
        "dataIndex": "details",
        "key": "details",
        "title": "Detalhes",
      },
      Object {
        "key": "action",
        "render": [Function],
        "title": "",
        "width": 100,
      },
    ]
  }
  dataSource={Array []}
  pagination={
    Object {
      "pageSize": 9,
    }
  }
  rowKey={[Function]}
  scroll={
    Object {
      "y": "calc(100vh - 480px)",
    }
  }
/>
`;
