// Jest Snapshot v1, https://goo.gl/fbAQLP

exports[`Main Routes match Snapshot 1`] = `
Array [
  Object {
    "component": Object {
      "$$typeof": Symbol(react.memo),
      "WrappedComponent": [Function],
      "compare": null,
      "displayName": "Connect(Root)",
      "type": [Function],
    },
    "exact": true,
    "icon": "home",
    "path": "/",
    "title": "In√≠cio",
  },
  Object {
    "component": Object {
      "$$typeof": Symbol(react.memo),
      "WrappedComponent": [Function],
      "compare": null,
      "displayName": "Connect(Components)",
      "type": [Function],
    },
    "exact": true,
    "icon": "code",
    "path": "/components",
    "title": "Componentes",
  },
  Object {
    "component": Object {
      "$$typeof": Symbol(react.memo),
      "WrappedComponent": [Function],
      "compare": null,
      "displayName": "Connect(ComponentDetail)",
      "type": [Function],
    },
    "notInMenu": true,
    "path": "/components/:componentId",
    "title": "Componente",
  },
  Object {
    "component": Object {
      "$$typeof": Symbol(react.memo),
      "WrappedComponent": [Function],
      "compare": null,
      "displayName": "Connect(Projects)",
      "type": [Function],
    },
    "exact": true,
    "icon": "experiment",
    "path": "/projects",
    "title": "Projetos",
  },
  Object {
    "component": Object {
      "$$typeof": Symbol(react.memo),
      "WrappedComponent": [Function],
      "compare": null,
      "displayName": "Connect(Project)",
      "type": [Function],
    },
    "notInMenu": true,
    "path": "/projects/:projectId/:experimentId?",
    "title": "Projeto",
  },
  Object {
    "component": [Function],
    "icon": "apartment",
    "path": "/implanted-flows",
    "title": "Fluxos Implantados",
  },
  Object {
    "component": [Function],
    "notInMenu": true,
    "path": "*",
  },
]
`;
