// Jest Snapshot v1, https://goo.gl/fbAQLP

exports[`NewComponentModal component is expected render html correctly 1`] = `
<Modal
  cancelText="Cancelar"
  confirmLoading={false}
  maskTransitionName="fade"
  okButtonProps={
    Object {
      "disabled": false,
    }
  }
  okText="Criar"
  okType="primary"
  onCancel={[Function]}
  onOk={[Function]}
  title="Novo Componente"
  transitionName="zoom"
  visible={false}
  width={520}
>
  <Form
    colon={true}
    hideRequiredMark={false}
    layout="vertical"
    onSubmit={[Function]}
  >
    <FormItem
      hasFeedback={false}
      label="Qual o nome do seu componente?"
    >
      <Input
        allowClear={true}
        autoFocus={true}
        data-__field={
          Object {
            "name": "name",
          }
        }
        data-__meta={
          Object {
            "name": "name",
            "originalProps": Object {
              "allowClear": true,
              "autoFocus": true,
              "type": "text",
            },
            "ref": null,
            "rules": Array [
              Object {
                "message": "Por favor insira um nome para o componente!",
                "required": true,
              },
            ],
            "trigger": "onChange",
            "validate": Array [
              Object {
                "rules": Array [
                  Object {
                    "message": "Por favor insira um nome para o componente!",
                    "required": true,
                  },
                ],
                "trigger": Array [
                  "onChange",
                ],
              },
            ],
            "valuePropName": "value",
          }
        }
        id="new-component_name"
        onChange={[Function]}
        type="text"
      />
    </FormItem>
  </Form>
</Modal>
`;
