// Jest Snapshot v1, https://goo.gl/fbAQLP

exports[`LeftSideMenuItem component is expected render html correctly 1`] = `
<div
  className="collapse-menu-items"
  onClick={[Function]}
  role="presentation"
>
  <Icon
    className="icon-collapse-header"
    type="more"
  />
  title
</div>
`;
